[   24055ms] [INFO] %cDownload the React DevTools for a better development experience: https://react.dev/link/react-devtools font-weight:bold @ http://localhost:5173/node_modules/.vite/deps/react-dom_client.js?v=a141c5f1:17994
[   24580ms] [LOG] %c %c %c %c %c Phaser v3.90.0 (WebGL | Web Audio) %c https://phaser.io/v390 background: #ff0000 background: #ffff00 background: #00ff00 background: #00ffff color: #ffffff; background: #000000 background: transparent @ http://localhost:5173/node_modules/.vite/deps/phaser.js?v=2b10b383:8455
[  136791ms] [LOG] %c %c %c %c %c Phaser v3.90.0 (WebGL | Web Audio) %c https://phaser.io/v390 background: #ff0000 background: #ffff00 background: #00ff00 background: #00ffff color: #ffffff; background: #000000 background: transparent @ http://localhost:5173/node_modules/.vite/deps/phaser.js?v=2b10b383:8455
[  144970ms] [LOG] %c %c %c %c %c Phaser v3.90.0 (WebGL | Web Audio) %c https://phaser.io/v390 background: #ff0000 background: #ffff00 background: #00ff00 background: #00ffff color: #ffffff; background: #000000 background: transparent @ http://localhost:5173/node_modules/.vite/deps/phaser.js?v=2b10b383:8455
[  145057ms] [WARNING] Image tile area not tile size multiple in: shibuya-crossing-metadata @ http://localhost:5173/node_modules/.vite/deps/phaser.js?v=2b10b383:128744
[  159056ms] [LOG] %c %c %c %c %c Phaser v3.90.0 (WebGL | Web Audio) %c https://phaser.io/v390 background: #ff0000 background: #ffff00 background: #00ff00 background: #00ffff color: #ffffff; background: #000000 background: transparent @ http://localhost:5173/node_modules/.vite/deps/phaser.js?v=2b10b383:8455
[  159144ms] [WARNING] Image tile area not tile size multiple in: kyoto-lanterns-metadata @ http://localhost:5173/node_modules/.vite/deps/phaser.js?v=2b10b383:128744
[  466035ms] [LOG] [vite] server connection lost. Polling for restart... @ http://localhost:5173/@vite/client:864
[  466253ms] [INFO] %cDownload the React DevTools for a better development experience: https://react.dev/link/react-devtools font-weight:bold @ http://localhost:5173/node_modules/.vite/deps/react-dom_client.js?v=a141c5f1:17994
[ 1073855ms] [LOG] [vite] server connection lost. Polling for restart... @ http://localhost:5173/@vite/client:864
[ 1073983ms] [INFO] %cDownload the React DevTools for a better development experience: https://react.dev/link/react-devtools font-weight:bold @ http://localhost:5173/node_modules/.vite/deps/react-dom_client.js?v=a141c5f1:17994
[ 1078492ms] [WARNING] @colyseus/sdk: 🛑 Network offline. Closing 0 connection(s) @ http://localhost:5173/node_modules/.vite/deps/@colyseus_sdk.js?v=b7b7decb:3863
[ 1517026ms] [WARNING] @colyseus/sdk: 🛑 Network offline. Closing 0 connection(s) @ http://localhost:5173/node_modules/.vite/deps/@colyseus_sdk.js?v=b7b7decb:3863
[ 4484484ms] [LOG] [vite] server connection lost. Polling for restart... @ http://localhost:5173/@vite/client:864
[ 4484791ms] [INFO] %cDownload the React DevTools for a better development experience: https://react.dev/link/react-devtools font-weight:bold @ http://localhost:5173/node_modules/.vite/deps/react-dom_client.js?v=a141c5f1:17994
[ 4491805ms] [WARNING] @colyseus/sdk: 🛑 Network offline. Closing 0 connection(s) @ http://localhost:5173/node_modules/.vite/deps/@colyseus_sdk.js?v=b7b7decb:3863
[ 4494982ms] [WARNING] @colyseus/sdk: 🛑 Network offline. Closing 0 connection(s) @ http://localhost:5173/node_modules/.vite/deps/@colyseus_sdk.js?v=b7b7decb:3863
[ 4504887ms] [WARNING] @colyseus/sdk: 🛑 Network offline. Closing 0 connection(s) @ http://localhost:5173/node_modules/.vite/deps/@colyseus_sdk.js?v=b7b7decb:3863
[ 4519296ms] [WARNING] @colyseus/sdk: 🛑 Network offline. Closing 0 connection(s) @ http://localhost:5173/node_modules/.vite/deps/@colyseus_sdk.js?v=b7b7decb:3863
[ 5576204ms] [WARNING] @colyseus/sdk: 🛑 Network offline. Closing 0 connection(s) @ http://localhost:5173/node_modules/.vite/deps/@colyseus_sdk.js?v=b7b7decb:3863
[ 6586217ms] [WARNING] @colyseus/sdk: 🛑 Network offline. Closing 0 connection(s) @ http://localhost:5173/node_modules/.vite/deps/@colyseus_sdk.js?v=b7b7decb:3863
[ 6642180ms] [WARNING] @colyseus/sdk: 🛑 Network offline. Closing 0 connection(s) @ http://localhost:5173/node_modules/.vite/deps/@colyseus_sdk.js?v=b7b7decb:3863
[ 7622222ms] [WARNING] @colyseus/sdk: 🛑 Network offline. Closing 0 connection(s) @ http://localhost:5173/node_modules/.vite/deps/@colyseus_sdk.js?v=b7b7decb:3863
[ 7626424ms] [WARNING] @colyseus/sdk: 🛑 Network offline. Closing 0 connection(s) @ http://localhost:5173/node_modules/.vite/deps/@colyseus_sdk.js?v=b7b7decb:3863
[ 8575238ms] [WARNING] @colyseus/sdk: 🛑 Network offline. Closing 0 connection(s) @ http://localhost:5173/node_modules/.vite/deps/@colyseus_sdk.js?v=b7b7decb:3863
[ 9676248ms] [WARNING] @colyseus/sdk: 🛑 Network offline. Closing 0 connection(s) @ http://localhost:5173/node_modules/.vite/deps/@colyseus_sdk.js?v=b7b7decb:3863
[10769256ms] [WARNING] @colyseus/sdk: 🛑 Network offline. Closing 0 connection(s) @ http://localhost:5173/node_modules/.vite/deps/@colyseus_sdk.js?v=b7b7decb:3863
[11744291ms] [WARNING] @colyseus/sdk: 🛑 Network offline. Closing 0 connection(s) @ http://localhost:5173/node_modules/.vite/deps/@colyseus_sdk.js?v=b7b7decb:3863
[11910907ms] [WARNING] @colyseus/sdk: 🛑 Network offline. Closing 0 connection(s) @ http://localhost:5173/node_modules/.vite/deps/@colyseus_sdk.js?v=b7b7decb:3863
[15162109ms] [LOG] %c %c %c %c %c Phaser v3.90.0 (WebGL | Web Audio) %c https://phaser.io/v390 background: #ff0000 background: #ffff00 background: #00ff00 background: #00ffff color: #ffffff; background: #000000 background: transparent @ http://localhost:5173/node_modules/.vite/deps/phaser.js?v=2b10b383:8455
[15165861ms] [LOG] %c %c %c %c %c Phaser v3.90.0 (WebGL | Web Audio) %c https://phaser.io/v390 background: #ff0000 background: #ffff00 background: #00ff00 background: #00ffff color: #ffffff; background: #000000 background: transparent @ http://localhost:5173/node_modules/.vite/deps/phaser.js?v=2b10b383:8455
[15223266ms] [LOG] %c %c %c %c %c Phaser v3.90.0 (WebGL | Web Audio) %c https://phaser.io/v390 background: #ff0000 background: #ffff00 background: #00ff00 background: #00ffff color: #ffffff; background: #000000 background: transparent @ http://localhost:5173/node_modules/.vite/deps/phaser.js?v=2b10b383:8455
[15223351ms] [WARNING] Image tile area not tile size multiple in: kyoto-lanterns-metadata @ http://localhost:5173/node_modules/.vite/deps/phaser.js?v=2b10b383:128744
[15228837ms] [LOG] %c %c %c %c %c Phaser v3.90.0 (WebGL | Web Audio) %c https://phaser.io/v390 background: #ff0000 background: #ffff00 background: #00ff00 background: #00ffff color: #ffffff; background: #000000 background: transparent @ http://localhost:5173/node_modules/.vite/deps/phaser.js?v=2b10b383:8455
[15228918ms] [WARNING] Image tile area not tile size multiple in: shibuya-crossing-metadata @ http://localhost:5173/node_modules/.vite/deps/phaser.js?v=2b10b383:128744
[15991536ms] [INFO] %cDownload the React DevTools for a better development experience: https://react.dev/link/react-devtools font-weight:bold @ http://localhost:5173/node_modules/.vite/deps/react-dom_client.js?v=a141c5f1:17994
[15991678ms] [LOG] %c %c %c %c %c Phaser v3.90.0 (WebGL | Web Audio) %c https://phaser.io/v390 background: #ff0000 background: #ffff00 background: #00ff00 background: #00ffff color: #ffffff; background: #000000 background: transparent @ http://localhost:5173/node_modules/.vite/deps/phaser.js?v=2b10b383:8455
[15991750ms] [WARNING] Image tile area not tile size multiple in: shibuya-crossing-metadata @ http://localhost:5173/node_modules/.vite/deps/phaser.js?v=2b10b383:128744
[15994232ms] [LOG] %c %c %c %c %c Phaser v3.90.0 (WebGL | Web Audio) %c https://phaser.io/v390 background: #ff0000 background: #ffff00 background: #00ff00 background: #00ffff color: #ffffff; background: #000000 background: transparent @ http://localhost:5173/node_modules/.vite/deps/phaser.js?v=2b10b383:8455
[15996479ms] [LOG] %c %c %c %c %c Phaser v3.90.0 (WebGL | Web Audio) %c https://phaser.io/v390 background: #ff0000 background: #ffff00 background: #00ff00 background: #00ffff color: #ffffff; background: #000000 background: transparent @ http://localhost:5173/node_modules/.vite/deps/phaser.js?v=2b10b383:8455
[16300866ms] [LOG] [vite] server connection lost. Polling for restart... @ http://localhost:5173/@vite/client:864
[16301040ms] [INFO] %cDownload the React DevTools for a better development experience: https://react.dev/link/react-devtools font-weight:bold @ http://localhost:5173/node_modules/.vite/deps/react-dom_client.js?v=a141c5f1:17994
[16311455ms] [WARNING] @colyseus/sdk: 🛑 Network offline. Closing 0 connection(s) @ http://localhost:5173/node_modules/.vite/deps/@colyseus_sdk.js?v=b7b7decb:3863
[16315582ms] [WARNING] @colyseus/sdk: 🛑 Network offline. Closing 0 connection(s) @ http://localhost:5173/node_modules/.vite/deps/@colyseus_sdk.js?v=b7b7decb:3863
